LFORTRAN {
  global:
    __ieee_arithmetic_MOD_ieee_class_10;
    __ieee_arithmetic_MOD_ieee_class_16;
    __ieee_arithmetic_MOD_ieee_class_4;
    __ieee_arithmetic_MOD_ieee_class_8;
    __ieee_arithmetic_MOD_ieee_class_type_eq;
    __ieee_arithmetic_MOD_ieee_class_type_ne;
    __ieee_arithmetic_MOD_ieee_get_rounding_mode;
    __ieee_arithmetic_MOD_ieee_get_underflow_mode;
    __ieee_arithmetic_MOD_ieee_round_type_eq;
    __ieee_arithmetic_MOD_ieee_round_type_ne;
    __ieee_arithmetic_MOD_ieee_selected_real_kind;
    __ieee_arithmetic_MOD_ieee_set_rounding_mode;
    __ieee_arithmetic_MOD_ieee_set_underflow_mode;
    __ieee_arithmetic_MOD_ieee_support_datatype_10;
    __ieee_arithmetic_MOD_ieee_support_datatype_16;
    __ieee_arithmetic_MOD_ieee_support_datatype_4;
    __ieee_arithmetic_MOD_ieee_support_datatype_8;
    __ieee_arithmetic_MOD_ieee_support_datatype_noarg;
    __ieee_arithmetic_MOD_ieee_support_denormal_10;
    __ieee_arithmetic_MOD_ieee_support_denormal_16;
    __ieee_arithmetic_MOD_ieee_support_denormal_4;
    __ieee_arithmetic_MOD_ieee_support_denormal_8;
    __ieee_arithmetic_MOD_ieee_support_denormal_noarg;
    __ieee_arithmetic_MOD_ieee_support_divide_10;
    __ieee_arithmetic_MOD_ieee_support_divide_16;
    __ieee_arithmetic_MOD_ieee_support_divide_4;
    __ieee_arithmetic_MOD_ieee_support_divide_8;
    __ieee_arithmetic_MOD_ieee_support_divide_noarg;
    __ieee_arithmetic_MOD_ieee_support_inf_10;
    __ieee_arithmetic_MOD_ieee_support_inf_16;
    __ieee_arithmetic_MOD_ieee_support_inf_4;
    __ieee_arithmetic_MOD_ieee_support_inf_8;
    __ieee_arithmetic_MOD_ieee_support_inf_noarg;
    __ieee_arithmetic_MOD_ieee_support_io_10;
    __ieee_arithmetic_MOD_ieee_support_io_16;
    __ieee_arithmetic_MOD_ieee_support_io_4;
    __ieee_arithmetic_MOD_ieee_support_io_8;
    __ieee_arithmetic_MOD_ieee_support_io_noarg;
    __ieee_arithmetic_MOD_ieee_support_nan_10;
    __ieee_arithmetic_MOD_ieee_support_nan_16;
    __ieee_arithmetic_MOD_ieee_support_nan_4;
    __ieee_arithmetic_MOD_ieee_support_nan_8;
    __ieee_arithmetic_MOD_ieee_support_nan_noarg;
    __ieee_arithmetic_MOD_ieee_support_rounding_10;
    __ieee_arithmetic_MOD_ieee_support_rounding_16;
    __ieee_arithmetic_MOD_ieee_support_rounding_4;
    __ieee_arithmetic_MOD_ieee_support_rounding_8;
    __ieee_arithmetic_MOD_ieee_support_rounding_noarg;
    __ieee_arithmetic_MOD_ieee_support_sqrt_10;
    __ieee_arithmetic_MOD_ieee_support_sqrt_16;
    __ieee_arithmetic_MOD_ieee_support_sqrt_4;
    __ieee_arithmetic_MOD_ieee_support_sqrt_8;
    __ieee_arithmetic_MOD_ieee_support_sqrt_noarg;
    __ieee_arithmetic_MOD_ieee_support_standard_10;
    __ieee_arithmetic_MOD_ieee_support_standard_16;
    __ieee_arithmetic_MOD_ieee_support_standard_4;
    __ieee_arithmetic_MOD_ieee_support_standard_8;
    __ieee_arithmetic_MOD_ieee_support_standard_noarg;
    __ieee_arithmetic_MOD_ieee_support_underflow_control_10;
    __ieee_arithmetic_MOD_ieee_support_underflow_control_16;
    __ieee_arithmetic_MOD_ieee_support_underflow_control_4;
    __ieee_arithmetic_MOD_ieee_support_underflow_control_8;
    __ieee_arithmetic_MOD_ieee_support_underflow_control_noarg;
    __ieee_arithmetic_MOD_ieee_value_10;
    __ieee_arithmetic_MOD_ieee_value_16;
    __ieee_arithmetic_MOD_ieee_value_4;
    __ieee_arithmetic_MOD_ieee_value_8;
    __ieee_exceptions_MOD_ieee_all;
    __ieee_exceptions_MOD_ieee_get_flag;
    __ieee_exceptions_MOD_ieee_get_halting_mode;
    __ieee_exceptions_MOD_ieee_get_status;
    __ieee_exceptions_MOD_ieee_set_flag;
    __ieee_exceptions_MOD_ieee_set_halting_mode;
    __ieee_exceptions_MOD_ieee_set_status;
    __ieee_exceptions_MOD_ieee_support_flag_10;
    __ieee_exceptions_MOD_ieee_support_flag_16;
    __ieee_exceptions_MOD_ieee_support_flag_4;
    __ieee_exceptions_MOD_ieee_support_flag_8;
    __ieee_exceptions_MOD_ieee_support_flag_noarg;
    __ieee_exceptions_MOD_ieee_support_halting;
    __ieee_exceptions_MOD_ieee_usual;
    _lfortran_abort;
    _lfortran_access_func;
    _lfortran_adjustl;
    _lfortran_adjustl_char4;
    _lfortran_adjustr;
    _lfortran_adjustr_char4;
    _lfortran_alarm_sub_i4;
    _lfortran_alarm_sub_i8;
    _lfortran_alarm_sub_int_i4;
    _lfortran_alarm_sub_int_i8;
    _lfortran_all_l16;
    _lfortran_all_l1;
    _lfortran_all_l2;
    _lfortran_all_l4;
    _lfortran_all_l8;
    _lfortran_any_l16;
    _lfortran_any_l1;
    _lfortran_any_l2;
    _lfortran_any_l4;
    _lfortran_any_l8;
    _lfortran_arandom_r10;
    _lfortran_arandom_r16;
    _lfortran_arandom_r4;
    _lfortran_arandom_r8;
    _lfortran_associated;
    _lfortran_backtrace;
    _lfortran_bessel_jn_r10;
    _lfortran_bessel_jn_r16;
    _lfortran_bessel_jn_r4;
    _lfortran_bessel_jn_r8;
    _lfortran_bessel_yn_r10;
    _lfortran_bessel_yn_r16;
    _lfortran_bessel_yn_r4;
    _lfortran_bessel_yn_r8;
    _lfortran_chdir_i4;
    _lfortran_chdir_i4_sub;
    _lfortran_chdir_i8;
    _lfortran_chdir_i8_sub;
    _lfortran_chmod_func;
    _lfortran_chmod_i4_sub;
    _lfortran_chmod_i8_sub;
    _lfortran_compare_string;
    _lfortran_compare_string_char4;
    _lfortran_concat_string;
    _lfortran_concat_string_char4;
    _lfortran_convert_char1_to_char4;
    _lfortran_convert_char4_to_char1;
	_lfortran_copy_arr;
    _lfortran_count_16_l;
    _lfortran_count_1_l;
    _lfortran_count_2_l;
    _lfortran_count_4_l;
    _lfortran_count_8_l;
    _lfortran_cpu_time_10;
    _lfortran_cpu_time_16;
    _lfortran_cpu_time_4;
    _lfortran_cpu_time_8;
    _lfortran_cshift0_16;
    _lfortran_cshift0_16_char4;
    _lfortran_cshift0_16_char;
    _lfortran_cshift0_1;
    _lfortran_cshift0_1_char4;
    _lfortran_cshift0_1_char;
    _lfortran_cshift0_2;
    _lfortran_cshift0_2_char4;
    _lfortran_cshift0_2_char;
    _lfortran_cshift0_4;
    _lfortran_cshift0_4_char4;
    _lfortran_cshift0_4_char;
    _lfortran_cshift0_8;
    _lfortran_cshift0_8_char4;
    _lfortran_cshift0_8_char;
    _lfortran_cshift1_16;
    _lfortran_cshift1_16_char4;
    _lfortran_cshift1_16_char;
    _lfortran_cshift1_4;
    _lfortran_cshift1_4_char4;
    _lfortran_cshift1_4_char;
    _lfortran_cshift1_8;
    _lfortran_cshift1_8_char4;
    _lfortran_cshift1_8_char;
    _lfortran_ctime;
    _lfortran_ctime_sub;
    _lfortran_date_and_time;
	_lfortran_delete_arr;
    _lfortran_dtime;
    _lfortran_dtime_sub;
    _lfortran_eoshift0_16;
    _lfortran_eoshift0_16_char4;
    _lfortran_eoshift0_16_char;
    _lfortran_eoshift0_1;
    _lfortran_eoshift0_1_char4;
    _lfortran_eoshift0_1_char;
    _lfortran_eoshift0_2;
    _lfortran_eoshift0_2_char4;
    _lfortran_eoshift0_2_char;
    _lfortran_eoshift0_4;
    _lfortran_eoshift0_4_char4;
    _lfortran_eoshift0_4_char;
    _lfortran_eoshift0_8;
    _lfortran_eoshift0_8_char4;
    _lfortran_eoshift0_8_char;
    _lfortran_eoshift1_16;
    _lfortran_eoshift1_16_char4;
    _lfortran_eoshift1_16_char;
    _lfortran_eoshift1_4;
    _lfortran_eoshift1_4_char4;
    _lfortran_eoshift1_4_char;
    _lfortran_eoshift1_8;
    _lfortran_eoshift1_8_char4;
    _lfortran_eoshift1_8_char;
    _lfortran_eoshift2_16;
    _lfortran_eoshift2_16_char4;
    _lfortran_eoshift2_16_char;
    _lfortran_eoshift2_1;
    _lfortran_eoshift2_1_char4;
    _lfortran_eoshift2_1_char;
    _lfortran_eoshift2_2;
    _lfortran_eoshift2_2_char4;
    _lfortran_eoshift2_2_char;
    _lfortran_eoshift2_4;
    _lfortran_eoshift2_4_char4;
    _lfortran_eoshift2_4_char;
    _lfortran_eoshift2_8;
    _lfortran_eoshift2_8_char4;
    _lfortran_eoshift2_8_char;
    _lfortran_eoshift3_16;
    _lfortran_eoshift3_16_char4;
    _lfortran_eoshift3_16_char;
    _lfortran_eoshift3_4;
    _lfortran_eoshift3_4_char4;
    _lfortran_eoshift3_4_char;
    _lfortran_eoshift3_8;
    _lfortran_eoshift3_8_char4;
    _lfortran_eoshift3_8_char;
    _lfortran_erfc_scaled_r10;
    _lfortran_erfc_scaled_r16;
    _lfortran_erfc_scaled_r4;
    _lfortran_erfc_scaled_r8;
    _lfortran_error_stop_numeric;
    _lfortran_error_stop_string;
    _lfortran_etime;
    _lfortran_etime_sub;
    _lfortran_execute_command_line_i4;
    _lfortran_execute_command_line_i8;
    _lfortran_exit_i4;
    _lfortran_exit_i8;
    _lfortran_fdate;
    _lfortran_fdate_sub;
    _lfortran_fget;
    _lfortran_fget_i1_sub;
    _lfortran_fget_i2_sub;
    _lfortran_fget_i4_sub;
    _lfortran_fget_i8_sub;
    _lfortran_fgetc;
    _lfortran_fgetc_i1_sub;
    _lfortran_fgetc_i2_sub;
    _lfortran_fgetc_i4_sub;
    _lfortran_fgetc_i8_sub;
    _lfortran_flush_i4;
    _lfortran_flush_i8;
    _lfortran_fnum_i4;
    _lfortran_fnum_i8;
    _lfortran_fput;
    _lfortran_fput_i1_sub;
    _lfortran_fput_i2_sub;
    _lfortran_fput_i4_sub;
    _lfortran_fput_i8_sub;
    _lfortran_fputc;
    _lfortran_fputc_i1_sub;
    _lfortran_fputc_i2_sub;
    _lfortran_fputc_i4_sub;
    _lfortran_fputc_i8_sub;
    _lfortran_fseek_sub;
    _lfortran_fstat_i4;
    _lfortran_fstat_i4_sub;
    _lfortran_fstat_i8;
    _lfortran_fstat_i8_sub;
    _lfortran_ftell;
    _lfortran_ftell_i1_sub;
    _lfortran_ftell_i2_sub;
    _lfortran_ftell_i4_sub;
    _lfortran_ftell_i8_sub;
    _lfortran_generate_error;
    _lfortran_gerror;
    _lfortran_get_command_argument_i4;
    _lfortran_get_command_argument_i8;
    _lfortran_get_command_i4;
    _lfortran_get_command_i8;
    _lfortran_get_environment_variable_i4;
    _lfortran_get_environment_variable_i8;
    _lfortran_getarg_i4;
    _lfortran_getarg_i8;
    _lfortran_getcwd;
    _lfortran_getcwd_i4_sub;
    _lfortran_getcwd_i8_sub;
    _lfortran_getenv;
    _lfortran_getgid;
    _lfortran_getlog;
    _lfortran_getpid;
    _lfortran_getuid;
    _lfortran_gmtime_i4;
    _lfortran_gmtime_i8;
    _lfortran_hostnm;
    _lfortran_hostnm_i4_sub;
    _lfortran_hostnm_i8_sub;
    _lfortran_iall_i16;
    _lfortran_iall_i1;
    _lfortran_iall_i2;
    _lfortran_iall_i4;
    _lfortran_iall_i8;
    _lfortran_iany_i16;
    _lfortran_iany_i1;
    _lfortran_iany_i2;
    _lfortran_iany_i4;
    _lfortran_iany_i8;
    _lfortran_iargc;
    _lfortran_idate_i4;
    _lfortran_idate_i8;
    _lfortran_ieee_procedure_entry;
    _lfortran_ieee_procedure_exit;
    _lfortran_ierrno_i4;
    _lfortran_ierrno_i8;
    _lfortran_internal_pack;
    _lfortran_internal_unpack;
    _lfortran_iparity_i16;
    _lfortran_iparity_i1;
    _lfortran_iparity_i2;
    _lfortran_iparity_i4;
    _lfortran_iparity_i8;
    _lfortran_irand;
    _lfortran_is_extension_of;
    _lfortran_isatty_l4;
    _lfortran_isatty_l8;
    _lfortran_ishftc16;
    _lfortran_ishftc4;
    _lfortran_ishftc8;
    _lfortran_itime_i4;
    _lfortran_itime_i8;
    _lfortran_kill_i4;
    _lfortran_kill_i4_sub;
    _lfortran_kill_i8;
    _lfortran_kill_i8_sub;
    _lfortran_link_i4;
    _lfortran_link_i4_sub;
    _lfortran_link_i8;
    _lfortran_link_i8_sub;
    _lfortran_lstat_i4;
    _lfortran_lstat_i4_sub;
    _lfortran_lstat_i8;
    _lfortran_lstat_i8_sub;
    _lfortran_ltime_i4;
    _lfortran_ltime_i8;
    _lfortran_matmul_c10;
    _lfortran_matmul_c16;
    _lfortran_matmul_c4;
    _lfortran_matmul_c8;
    _lfortran_matmul_i16;
    _lfortran_matmul_i1;
    _lfortran_matmul_i2;
    _lfortran_matmul_i4;
    _lfortran_matmul_i8;
    _lfortran_matmul_l16;
    _lfortran_matmul_l4;
    _lfortran_matmul_l8;
    _lfortran_matmul_r10;
    _lfortran_matmul_r16;
    _lfortran_matmul_r4;
    _lfortran_matmul_r8;
    _lfortran_maxloc0_16_i16;
    _lfortran_maxloc0_16_i1;
    _lfortran_maxloc0_16_i2;
    _lfortran_maxloc0_16_i4;
    _lfortran_maxloc0_16_i8;
    _lfortran_maxloc0_16_r10;
    _lfortran_maxloc0_16_r16;
    _lfortran_maxloc0_16_r4;
    _lfortran_maxloc0_16_r8;
    _lfortran_maxloc0_4_i16;
    _lfortran_maxloc0_4_i1;
    _lfortran_maxloc0_4_i2;
    _lfortran_maxloc0_4_i4;
    _lfortran_maxloc0_4_i8;
    _lfortran_maxloc0_4_r10;
    _lfortran_maxloc0_4_r16;
    _lfortran_maxloc0_4_r4;
    _lfortran_maxloc0_4_r8;
    _lfortran_maxloc0_8_i16;
    _lfortran_maxloc0_8_i1;
    _lfortran_maxloc0_8_i2;
    _lfortran_maxloc0_8_i4;
    _lfortran_maxloc0_8_i8;
    _lfortran_maxloc0_8_r10;
    _lfortran_maxloc0_8_r16;
    _lfortran_maxloc0_8_r4;
    _lfortran_maxloc0_8_r8;
    _lfortran_maxloc1_16_i16;
    _lfortran_maxloc1_16_i1;
    _lfortran_maxloc1_16_i2;
    _lfortran_maxloc1_16_i4;
    _lfortran_maxloc1_16_i8;
    _lfortran_maxloc1_16_r10;
    _lfortran_maxloc1_16_r16;
    _lfortran_maxloc1_16_r4;
    _lfortran_maxloc1_16_r8;
    _lfortran_maxloc1_4_i16;
    _lfortran_maxloc1_4_i1;
    _lfortran_maxloc1_4_i2;
    _lfortran_maxloc1_4_i4;
    _lfortran_maxloc1_4_i8;
    _lfortran_maxloc1_4_r10;
    _lfortran_maxloc1_4_r16;
    _lfortran_maxloc1_4_r4;
    _lfortran_maxloc1_4_r8;
    _lfortran_maxloc1_8_i16;
    _lfortran_maxloc1_8_i1;
    _lfortran_maxloc1_8_i2;
    _lfortran_maxloc1_8_i4;
    _lfortran_maxloc1_8_i8;
    _lfortran_maxloc1_8_r10;
    _lfortran_maxloc1_8_r16;
    _lfortran_maxloc1_8_r4;
    _lfortran_maxloc1_8_r8;
    _lfortran_maxval_i16;
    _lfortran_maxval_i1;
    _lfortran_maxval_i2;
    _lfortran_maxval_i4;
    _lfortran_maxval_i8;
    _lfortran_maxval_r10;
    _lfortran_maxval_r16;
    _lfortran_maxval_r4;
    _lfortran_maxval_r8;
    _lfortran_mclock8;
    _lfortran_mclock;
    _lfortran_miall_i16;
    _lfortran_miall_i1;
    _lfortran_miall_i2;
    _lfortran_miall_i4;
    _lfortran_miall_i8;
    _lfortran_miany_i16;
    _lfortran_miany_i1;
    _lfortran_miany_i2;
    _lfortran_miany_i4;
    _lfortran_miany_i8;
    _lfortran_minloc0_16_i16;
    _lfortran_minloc0_16_i1;
    _lfortran_minloc0_16_i2;
    _lfortran_minloc0_16_i4;
    _lfortran_minloc0_16_i8;
    _lfortran_minloc0_16_r10;
    _lfortran_minloc0_16_r16;
    _lfortran_minloc0_16_r4;
    _lfortran_minloc0_16_r8;
    _lfortran_minloc0_4_i16;
    _lfortran_minloc0_4_i1;
    _lfortran_minloc0_4_i2;
    _lfortran_minloc0_4_i4;
    _lfortran_minloc0_4_i8;
    _lfortran_minloc0_4_r10;
    _lfortran_minloc0_4_r16;
    _lfortran_minloc0_4_r4;
    _lfortran_minloc0_4_r8;
    _lfortran_minloc0_8_i16;
    _lfortran_minloc0_8_i1;
    _lfortran_minloc0_8_i2;
    _lfortran_minloc0_8_i4;
    _lfortran_minloc0_8_i8;
    _lfortran_minloc0_8_r10;
    _lfortran_minloc0_8_r16;
    _lfortran_minloc0_8_r4;
    _lfortran_minloc0_8_r8;
    _lfortran_minloc1_16_i16;
    _lfortran_minloc1_16_i1;
    _lfortran_minloc1_16_i2;
    _lfortran_minloc1_16_i4;
    _lfortran_minloc1_16_i8;
    _lfortran_minloc1_16_r10;
    _lfortran_minloc1_16_r16;
    _lfortran_minloc1_16_r4;
    _lfortran_minloc1_16_r8;
    _lfortran_minloc1_4_i16;
    _lfortran_minloc1_4_i1;
    _lfortran_minloc1_4_i2;
    _lfortran_minloc1_4_i4;
    _lfortran_minloc1_4_i8;
    _lfortran_minloc1_4_r10;
    _lfortran_minloc1_4_r16;
    _lfortran_minloc1_4_r4;
    _lfortran_minloc1_4_r8;
    _lfortran_minloc1_8_i16;
    _lfortran_minloc1_8_i1;
    _lfortran_minloc1_8_i2;
    _lfortran_minloc1_8_i4;
    _lfortran_minloc1_8_i8;
    _lfortran_minloc1_8_r10;
    _lfortran_minloc1_8_r16;
    _lfortran_minloc1_8_r4;
    _lfortran_minloc1_8_r8;
    _lfortran_minval_i16;
    _lfortran_minval_i1;
    _lfortran_minval_i2;
    _lfortran_minval_i4;
    _lfortran_minval_i8;
    _lfortran_minval_r10;
    _lfortran_minval_r16;
    _lfortran_minval_r4;
    _lfortran_minval_r8;
    _lfortran_miparity_i16;
    _lfortran_miparity_i1;
    _lfortran_miparity_i2;
    _lfortran_miparity_i4;
    _lfortran_miparity_i8;
    _lfortran_mmaxloc0_16_i16;
    _lfortran_mmaxloc0_16_i1;
    _lfortran_mmaxloc0_16_i2;
    _lfortran_mmaxloc0_16_i4;
    _lfortran_mmaxloc0_16_i8;
    _lfortran_mmaxloc0_16_r10;
    _lfortran_mmaxloc0_16_r16;
    _lfortran_mmaxloc0_16_r4;
    _lfortran_mmaxloc0_16_r8;
    _lfortran_mmaxloc0_4_i16;
    _lfortran_mmaxloc0_4_i1;
    _lfortran_mmaxloc0_4_i2;
    _lfortran_mmaxloc0_4_i4;
    _lfortran_mmaxloc0_4_i8;
    _lfortran_mmaxloc0_4_r10;
    _lfortran_mmaxloc0_4_r16;
    _lfortran_mmaxloc0_4_r4;
    _lfortran_mmaxloc0_4_r8;
    _lfortran_mmaxloc0_8_i16;
    _lfortran_mmaxloc0_8_i1;
    _lfortran_mmaxloc0_8_i2;
    _lfortran_mmaxloc0_8_i4;
    _lfortran_mmaxloc0_8_i8;
    _lfortran_mmaxloc0_8_r10;
    _lfortran_mmaxloc0_8_r16;
    _lfortran_mmaxloc0_8_r4;
    _lfortran_mmaxloc0_8_r8;
    _lfortran_mmaxloc1_16_i16;
    _lfortran_mmaxloc1_16_i1;
    _lfortran_mmaxloc1_16_i2;
    _lfortran_mmaxloc1_16_i4;
    _lfortran_mmaxloc1_16_i8;
    _lfortran_mmaxloc1_16_r10;
    _lfortran_mmaxloc1_16_r16;
    _lfortran_mmaxloc1_16_r4;
    _lfortran_mmaxloc1_16_r8;
    _lfortran_mmaxloc1_4_i16;
    _lfortran_mmaxloc1_4_i1;
    _lfortran_mmaxloc1_4_i2;
    _lfortran_mmaxloc1_4_i4;
    _lfortran_mmaxloc1_4_i8;
    _lfortran_mmaxloc1_4_r10;
    _lfortran_mmaxloc1_4_r16;
    _lfortran_mmaxloc1_4_r4;
    _lfortran_mmaxloc1_4_r8;
    _lfortran_mmaxloc1_8_i16;
    _lfortran_mmaxloc1_8_i1;
    _lfortran_mmaxloc1_8_i2;
    _lfortran_mmaxloc1_8_i4;
    _lfortran_mmaxloc1_8_i8;
    _lfortran_mmaxloc1_8_r10;
    _lfortran_mmaxloc1_8_r16;
    _lfortran_mmaxloc1_8_r4;
    _lfortran_mmaxloc1_8_r8;
    _lfortran_mmaxval_i16;
    _lfortran_mmaxval_i1;
    _lfortran_mmaxval_i2;
    _lfortran_mmaxval_i4;
    _lfortran_mmaxval_i8;
    _lfortran_mmaxval_r10;
    _lfortran_mmaxval_r16;
    _lfortran_mmaxval_r4;
    _lfortran_mmaxval_r8;
    _lfortran_mminloc0_16_i16;
    _lfortran_mminloc0_16_i1;
    _lfortran_mminloc0_16_i2;
    _lfortran_mminloc0_16_i4;
    _lfortran_mminloc0_16_i8;
    _lfortran_mminloc0_16_r10;
    _lfortran_mminloc0_16_r16;
    _lfortran_mminloc0_16_r4;
    _lfortran_mminloc0_16_r8;
    _lfortran_mminloc0_4_i16;
    _lfortran_mminloc0_4_i1;
    _lfortran_mminloc0_4_i2;
    _lfortran_mminloc0_4_i4;
    _lfortran_mminloc0_4_i8;
    _lfortran_mminloc0_4_r10;
    _lfortran_mminloc0_4_r16;
    _lfortran_mminloc0_4_r4;
    _lfortran_mminloc0_4_r8;
    _lfortran_mminloc0_8_i16;
    _lfortran_mminloc0_8_i1;
    _lfortran_mminloc0_8_i2;
    _lfortran_mminloc0_8_i4;
    _lfortran_mminloc0_8_i8;
    _lfortran_mminloc0_8_r10;
    _lfortran_mminloc0_8_r16;
    _lfortran_mminloc0_8_r4;
    _lfortran_mminloc0_8_r8;
    _lfortran_mminloc1_16_i16;
    _lfortran_mminloc1_16_i1;
    _lfortran_mminloc1_16_i2;
    _lfortran_mminloc1_16_i4;
    _lfortran_mminloc1_16_i8;
    _lfortran_mminloc1_16_r10;
    _lfortran_mminloc1_16_r16;
    _lfortran_mminloc1_16_r4;
    _lfortran_mminloc1_16_r8;
    _lfortran_mminloc1_4_i16;
    _lfortran_mminloc1_4_i1;
    _lfortran_mminloc1_4_i2;
    _lfortran_mminloc1_4_i4;
    _lfortran_mminloc1_4_i8;
    _lfortran_mminloc1_4_r10;
    _lfortran_mminloc1_4_r16;
    _lfortran_mminloc1_4_r4;
    _lfortran_mminloc1_4_r8;
    _lfortran_mminloc1_8_i16;
    _lfortran_mminloc1_8_i1;
    _lfortran_mminloc1_8_i2;
    _lfortran_mminloc1_8_i4;
    _lfortran_mminloc1_8_i8;
    _lfortran_mminloc1_8_r10;
    _lfortran_mminloc1_8_r16;
    _lfortran_mminloc1_8_r4;
    _lfortran_mminloc1_8_r8;
    _lfortran_mminval_i16;
    _lfortran_mminval_i1;
    _lfortran_mminval_i2;
    _lfortran_mminval_i4;
    _lfortran_mminval_i8;
    _lfortran_mminval_r10;
    _lfortran_mminval_r16;
    _lfortran_mminval_r4;
    _lfortran_mminval_r8;
    _lfortran_move_alloc;
    _lfortran_move_alloc_c;
    _lfortran_mproduct_c10;
    _lfortran_mproduct_c16;
    _lfortran_mproduct_c4;
    _lfortran_mproduct_c8;
    _lfortran_mproduct_i16;
    _lfortran_mproduct_i1;
    _lfortran_mproduct_i2;
    _lfortran_mproduct_i4;
    _lfortran_mproduct_i8;
    _lfortran_mproduct_r10;
    _lfortran_mproduct_r16;
    _lfortran_mproduct_r4;
    _lfortran_mproduct_r8;
    _lfortran_msum_c10;
    _lfortran_msum_c16;
    _lfortran_msum_c4;
    _lfortran_msum_c8;
    _lfortran_msum_i16;
    _lfortran_msum_i1;
    _lfortran_msum_i2;
    _lfortran_msum_i4;
    _lfortran_msum_i8;
    _lfortran_msum_r10;
    _lfortran_msum_r16;
    _lfortran_msum_r4;
    _lfortran_msum_r8;
    _lfortran_mvbits_i16;
    _lfortran_mvbits_i1;
    _lfortran_mvbits_i2;
    _lfortran_mvbits_i4;
    _lfortran_mvbits_i8;
    _lfortran_norm2_r10;
    _lfortran_norm2_r16;
    _lfortran_norm2_r4;
    _lfortran_norm2_r8;
    _lfortran_os_error;
    _lfortran_pack;
    _lfortran_pack_char4;
    _lfortran_pack_char;
    _lfortran_pack_s;
    _lfortran_pack_s_char4;
    _lfortran_pack_s_char;
    _lfortran_parity_l16;
    _lfortran_parity_l1;
    _lfortran_parity_l2;
    _lfortran_parity_l4;
    _lfortran_parity_l8;
    _lfortran_pause_numeric;
    _lfortran_pause_string;
    _lfortran_perror_sub;
    _lfortran_pow_c10_i16;
    _lfortran_pow_c10_i4;
    _lfortran_pow_c10_i8;
    _lfortran_pow_c16_i16;
    _lfortran_pow_c16_i4;
    _lfortran_pow_c16_i8;
    _lfortran_pow_c4_i16;
    _lfortran_pow_c4_i4;
    _lfortran_pow_c4_i8;
    _lfortran_pow_c8_i16;
    _lfortran_pow_c8_i4;
    _lfortran_pow_c8_i8;
    _lfortran_pow_i16_i16;
    _lfortran_pow_i16_i4;
    _lfortran_pow_i16_i8;
    _lfortran_pow_i4_i16;
    _lfortran_pow_i4_i4;
    _lfortran_pow_i4_i8;
    _lfortran_pow_i8_i16;
    _lfortran_pow_i8_i4;
    _lfortran_pow_i8_i8;
    _lfortran_pow_r10_i16;
    _lfortran_pow_r10_i8;
    _lfortran_pow_r16_i16;
    _lfortran_pow_r16_i4;
    _lfortran_pow_r16_i8;
    _lfortran_pow_r4_i16;
    _lfortran_pow_r4_i8;
    _lfortran_pow_r8_i16;
    _lfortran_pow_r8_i8;
    _lfortran_product_c10;
    _lfortran_product_c16;
    _lfortran_product_c4;
    _lfortran_product_c8;
    _lfortran_product_i16;
    _lfortran_product_i1;
    _lfortran_product_i2;
    _lfortran_product_i4;
    _lfortran_product_i8;
    _lfortran_product_r10;
    _lfortran_product_r16;
    _lfortran_product_r4;
    _lfortran_product_r8;
    _lfortran_rand;
    _lfortran_random_r10;
    _lfortran_random_r16;
    _lfortran_random_r4;
    _lfortran_random_r8;
    _lfortran_random_seed_i4;
    _lfortran_random_seed_i8;
    _lfortran_rename_i4;
    _lfortran_rename_i4_sub;
    _lfortran_rename_i8;
    _lfortran_rename_i8_sub;
    _lfortran_reshape;
    _lfortran_reshape_16;
    _lfortran_reshape_4;
    _lfortran_reshape_8;
    _lfortran_reshape_c10;
    _lfortran_reshape_c16;
    _lfortran_reshape_c4;
    _lfortran_reshape_c8;
    _lfortran_reshape_char4;
    _lfortran_reshape_char;
    _lfortran_reshape_r10;
    _lfortran_reshape_r16;
    _lfortran_reshape_r4;
    _lfortran_reshape_r8;
    _lfortran_runtime_error;
    _lfortran_runtime_error_at;
    _lfortran_runtime_warning_at;
    _lfortran_secnds;
    _lfortran_second;
    _lfortran_second_sub;
    _lfortran_select_string;
    _lfortran_select_string_char4;
    _lfortran_selected_char_kind;
    _lfortran_selected_int_kind;
    _lfortran_selected_real_kind2008;
    _lfortran_selected_real_kind;
    _lfortran_set_args;
    _lfortran_set_convert;
    _lfortran_set_fpe;
    _lfortran_set_max_subrecord_length;
    _lfortran_set_options;
    _lfortran_set_record_marker;
    _lfortran_shape_16;
    _lfortran_shape_1;
    _lfortran_shape_2;
    _lfortran_shape_4;
    _lfortran_shape_8;
    _lfortran_siall_i16;
    _lfortran_siall_i1;
    _lfortran_siall_i2;
    _lfortran_siall_i4;
    _lfortran_siall_i8;
    _lfortran_siany_i16;
    _lfortran_siany_i1;
    _lfortran_siany_i2;
    _lfortran_siany_i4;
    _lfortran_siany_i8;
    _lfortran_signal_func;
    _lfortran_signal_func_int;
    _lfortran_signal_sub;
    _lfortran_signal_sub_int;
    _lfortran_siparity_i16;
    _lfortran_siparity_i1;
    _lfortran_siparity_i2;
    _lfortran_siparity_i4;
    _lfortran_siparity_i8;
    _lfortran_size0;
    _lfortran_size1;
    _lfortran_sleep_i4_sub;
    _lfortran_sleep_i8_sub;
    _lfortran_smaxloc0_16_i16;
    _lfortran_smaxloc0_16_i1;
    _lfortran_smaxloc0_16_i2;
    _lfortran_smaxloc0_16_i4;
    _lfortran_smaxloc0_16_i8;
    _lfortran_smaxloc0_16_r10;
    _lfortran_smaxloc0_16_r16;
    _lfortran_smaxloc0_16_r4;
    _lfortran_smaxloc0_16_r8;
    _lfortran_smaxloc0_4_i16;
    _lfortran_smaxloc0_4_i1;
    _lfortran_smaxloc0_4_i2;
    _lfortran_smaxloc0_4_i4;
    _lfortran_smaxloc0_4_i8;
    _lfortran_smaxloc0_4_r10;
    _lfortran_smaxloc0_4_r16;
    _lfortran_smaxloc0_4_r4;
    _lfortran_smaxloc0_4_r8;
    _lfortran_smaxloc0_8_i16;
    _lfortran_smaxloc0_8_i1;
    _lfortran_smaxloc0_8_i2;
    _lfortran_smaxloc0_8_i4;
    _lfortran_smaxloc0_8_i8;
    _lfortran_smaxloc0_8_r10;
    _lfortran_smaxloc0_8_r16;
    _lfortran_smaxloc0_8_r4;
    _lfortran_smaxloc0_8_r8;
    _lfortran_smaxloc1_16_i16;
    _lfortran_smaxloc1_16_i1;
    _lfortran_smaxloc1_16_i2;
    _lfortran_smaxloc1_16_i4;
    _lfortran_smaxloc1_16_i8;
    _lfortran_smaxloc1_16_r10;
    _lfortran_smaxloc1_16_r16;
    _lfortran_smaxloc1_16_r4;
    _lfortran_smaxloc1_16_r8;
    _lfortran_smaxloc1_4_i16;
    _lfortran_smaxloc1_4_i1;
    _lfortran_smaxloc1_4_i2;
    _lfortran_smaxloc1_4_i4;
    _lfortran_smaxloc1_4_i8;
    _lfortran_smaxloc1_4_r10;
    _lfortran_smaxloc1_4_r16;
    _lfortran_smaxloc1_4_r4;
    _lfortran_smaxloc1_4_r8;
    _lfortran_smaxloc1_8_i16;
    _lfortran_smaxloc1_8_i1;
    _lfortran_smaxloc1_8_i2;
    _lfortran_smaxloc1_8_i4;
    _lfortran_smaxloc1_8_i8;
    _lfortran_smaxloc1_8_r10;
    _lfortran_smaxloc1_8_r16;
    _lfortran_smaxloc1_8_r4;
    _lfortran_smaxloc1_8_r8;
    _lfortran_smaxval_i16;
    _lfortran_smaxval_i1;
    _lfortran_smaxval_i2;
    _lfortran_smaxval_i4;
    _lfortran_smaxval_i8;
    _lfortran_smaxval_r10;
    _lfortran_smaxval_r16;
    _lfortran_smaxval_r4;
    _lfortran_smaxval_r8;
    _lfortran_sminloc0_16_i16;
    _lfortran_sminloc0_16_i1;
    _lfortran_sminloc0_16_i2;
    _lfortran_sminloc0_16_i4;
    _lfortran_sminloc0_16_i8;
    _lfortran_sminloc0_16_r10;
    _lfortran_sminloc0_16_r16;
    _lfortran_sminloc0_16_r4;
    _lfortran_sminloc0_16_r8;
    _lfortran_sminloc0_4_i16;
    _lfortran_sminloc0_4_i1;
    _lfortran_sminloc0_4_i2;
    _lfortran_sminloc0_4_i4;
    _lfortran_sminloc0_4_i8;
    _lfortran_sminloc0_4_r10;
    _lfortran_sminloc0_4_r16;
    _lfortran_sminloc0_4_r4;
    _lfortran_sminloc0_4_r8;
    _lfortran_sminloc0_8_i16;
    _lfortran_sminloc0_8_i1;
    _lfortran_sminloc0_8_i2;
    _lfortran_sminloc0_8_i4;
    _lfortran_sminloc0_8_i8;
    _lfortran_sminloc0_8_r10;
    _lfortran_sminloc0_8_r16;
    _lfortran_sminloc0_8_r4;
    _lfortran_sminloc0_8_r8;
    _lfortran_sminloc1_16_i16;
    _lfortran_sminloc1_16_i1;
    _lfortran_sminloc1_16_i2;
    _lfortran_sminloc1_16_i4;
    _lfortran_sminloc1_16_i8;
    _lfortran_sminloc1_16_r10;
    _lfortran_sminloc1_16_r16;
    _lfortran_sminloc1_16_r4;
    _lfortran_sminloc1_16_r8;
    _lfortran_sminloc1_4_i16;
    _lfortran_sminloc1_4_i1;
    _lfortran_sminloc1_4_i2;
    _lfortran_sminloc1_4_i4;
    _lfortran_sminloc1_4_i8;
    _lfortran_sminloc1_4_r10;
    _lfortran_sminloc1_4_r16;
    _lfortran_sminloc1_4_r4;
    _lfortran_sminloc1_4_r8;
    _lfortran_sminloc1_8_i16;
    _lfortran_sminloc1_8_i1;
    _lfortran_sminloc1_8_i2;
    _lfortran_sminloc1_8_i4;
    _lfortran_sminloc1_8_i8;
    _lfortran_sminloc1_8_r10;
    _lfortran_sminloc1_8_r16;
    _lfortran_sminloc1_8_r4;
    _lfortran_sminloc1_8_r8;
    _lfortran_sminval_i16;
    _lfortran_sminval_i1;
    _lfortran_sminval_i2;
    _lfortran_sminval_i4;
    _lfortran_sminval_i8;
    _lfortran_sminval_r10;
    _lfortran_sminval_r16;
    _lfortran_sminval_r4;
    _lfortran_sminval_r8;
    _lfortran_specific__abs_c10;
    _lfortran_specific__abs_c16;
    _lfortran_specific__abs_c4;
    _lfortran_specific__abs_c8;
    _lfortran_specific__abs_i16;
    _lfortran_specific__abs_i4;
    _lfortran_specific__abs_i8;
    _lfortran_specific__abs_r10;
    _lfortran_specific__abs_r16;
    _lfortran_specific__abs_r4;
    _lfortran_specific__abs_r8;
    _lfortran_specific__acos_r10;
    _lfortran_specific__acos_r16;
    _lfortran_specific__acos_r4;
    _lfortran_specific__acos_r8;
    _lfortran_specific__acosh_r10;
    _lfortran_specific__acosh_r16;
    _lfortran_specific__acosh_r4;
    _lfortran_specific__acosh_r8;
    _lfortran_specific__aimag_c10;
    _lfortran_specific__aimag_c16;
    _lfortran_specific__aimag_c4;
    _lfortran_specific__aimag_c8;
    _lfortran_specific__aint_r10;
    _lfortran_specific__aint_r16;
    _lfortran_specific__aint_r4;
    _lfortran_specific__aint_r8;
    _lfortran_specific__anint_r10;
    _lfortran_specific__anint_r16;
    _lfortran_specific__anint_r4;
    _lfortran_specific__anint_r8;
    _lfortran_specific__asin_r10;
    _lfortran_specific__asin_r16;
    _lfortran_specific__asin_r4;
    _lfortran_specific__asin_r8;
    _lfortran_specific__asinh_r10;
    _lfortran_specific__asinh_r16;
    _lfortran_specific__asinh_r4;
    _lfortran_specific__asinh_r8;
    _lfortran_specific__atan2_r10;
    _lfortran_specific__atan2_r16;
    _lfortran_specific__atan2_r4;
    _lfortran_specific__atan2_r8;
    _lfortran_specific__atan_r10;
    _lfortran_specific__atan_r16;
    _lfortran_specific__atan_r4;
    _lfortran_specific__atan_r8;
    _lfortran_specific__atanh_r10;
    _lfortran_specific__atanh_r16;
    _lfortran_specific__atanh_r4;
    _lfortran_specific__atanh_r8;
    _lfortran_specific__char_1_i16;
    _lfortran_specific__char_1_i4;
    _lfortran_specific__char_1_i8;
    _lfortran_specific__conjg_10;
    _lfortran_specific__conjg_16;
    _lfortran_specific__conjg_4;
    _lfortran_specific__conjg_8;
    _lfortran_specific__cos_c10;
    _lfortran_specific__cos_c16;
    _lfortran_specific__cos_c4;
    _lfortran_specific__cos_c8;
    _lfortran_specific__cos_r10;
    _lfortran_specific__cos_r16;
    _lfortran_specific__cos_r4;
    _lfortran_specific__cos_r8;
    _lfortran_specific__cosh_r10;
    _lfortran_specific__cosh_r16;
    _lfortran_specific__cosh_r4;
    _lfortran_specific__cosh_r8;
    _lfortran_specific__dim_i16;
    _lfortran_specific__dim_i4;
    _lfortran_specific__dim_i8;
    _lfortran_specific__dim_r10;
    _lfortran_specific__dim_r16;
    _lfortran_specific__dim_r4;
    _lfortran_specific__dim_r8;
    _lfortran_specific__dprod_r8;
    _lfortran_specific__exp_c10;
    _lfortran_specific__exp_c16;
    _lfortran_specific__exp_c4;
    _lfortran_specific__exp_c8;
    _lfortran_specific__exp_r10;
    _lfortran_specific__exp_r16;
    _lfortran_specific__exp_r4;
    _lfortran_specific__exp_r8;
    _lfortran_specific__index_1_i16;
    _lfortran_specific__index_1_i4;
    _lfortran_specific__index_1_i8;
    _lfortran_specific__len_1_i16;
    _lfortran_specific__len_1_i4;
    _lfortran_specific__len_1_i8;
    _lfortran_specific__log10_r10;
    _lfortran_specific__log10_r16;
    _lfortran_specific__log10_r4;
    _lfortran_specific__log10_r8;
    _lfortran_specific__log_c10;
    _lfortran_specific__log_c16;
    _lfortran_specific__log_c4;
    _lfortran_specific__log_c8;
    _lfortran_specific__log_r10;
    _lfortran_specific__log_r16;
    _lfortran_specific__log_r4;
    _lfortran_specific__log_r8;
    _lfortran_specific__mod_i16;
    _lfortran_specific__mod_i4;
    _lfortran_specific__mod_i8;
    _lfortran_specific__mod_r10;
    _lfortran_specific__mod_r16;
    _lfortran_specific__mod_r4;
    _lfortran_specific__mod_r8;
    _lfortran_specific__nint_16_10;
    _lfortran_specific__nint_16_16;
    _lfortran_specific__nint_16_4;
    _lfortran_specific__nint_16_8;
    _lfortran_specific__nint_4_10;
    _lfortran_specific__nint_4_16;
    _lfortran_specific__nint_4_4;
    _lfortran_specific__nint_4_8;
    _lfortran_specific__nint_8_10;
    _lfortran_specific__nint_8_16;
    _lfortran_specific__nint_8_4;
    _lfortran_specific__nint_8_8;
    _lfortran_specific__sign_i16;
    _lfortran_specific__sign_i4;
    _lfortran_specific__sign_i8;
    _lfortran_specific__sign_r10;
    _lfortran_specific__sign_r16;
    _lfortran_specific__sign_r4;
    _lfortran_specific__sign_r8;
    _lfortran_specific__sin_c10;
    _lfortran_specific__sin_c16;
    _lfortran_specific__sin_c4;
    _lfortran_specific__sin_c8;
    _lfortran_specific__sin_r10;
    _lfortran_specific__sin_r16;
    _lfortran_specific__sin_r4;
    _lfortran_specific__sin_r8;
    _lfortran_specific__sinh_r10;
    _lfortran_specific__sinh_r16;
    _lfortran_specific__sinh_r4;
    _lfortran_specific__sinh_r8;
    _lfortran_specific__sqrt_c10;
    _lfortran_specific__sqrt_c16;
    _lfortran_specific__sqrt_c4;
    _lfortran_specific__sqrt_c8;
    _lfortran_specific__sqrt_r10;
    _lfortran_specific__sqrt_r16;
    _lfortran_specific__sqrt_r4;
    _lfortran_specific__sqrt_r8;
    _lfortran_specific__tan_r10;
    _lfortran_specific__tan_r16;
    _lfortran_specific__tan_r4;
    _lfortran_specific__tan_r8;
    _lfortran_specific__tanh_r10;
    _lfortran_specific__tanh_r16;
    _lfortran_specific__tanh_r4;
    _lfortran_specific__tanh_r8;
    _lfortran_spread;
    _lfortran_spread_char4;
    _lfortran_spread_char4_scalar;
    _lfortran_spread_char;
    _lfortran_spread_char_scalar;
    _lfortran_spread_scalar;
    _lfortran_sproduct_c10;
    _lfortran_sproduct_c16;
    _lfortran_sproduct_c4;
    _lfortran_sproduct_c8;
    _lfortran_sproduct_i16;
    _lfortran_sproduct_i1;
    _lfortran_sproduct_i2;
    _lfortran_sproduct_i4;
    _lfortran_sproduct_i8;
    _lfortran_sproduct_r10;
    _lfortran_sproduct_r16;
    _lfortran_sproduct_r4;
    _lfortran_sproduct_r8;
    _lfortran_srand;
    _lfortran_ssum_c10;
    _lfortran_ssum_c16;
    _lfortran_ssum_c4;
    _lfortran_ssum_c8;
    _lfortran_ssum_i16;
    _lfortran_ssum_i1;
    _lfortran_ssum_i2;
    _lfortran_ssum_i4;
    _lfortran_ssum_i8;
    _lfortran_ssum_r10;
    _lfortran_ssum_r16;
    _lfortran_ssum_r4;
    _lfortran_ssum_r8;
    _lfortran_st_backspace;
    _lfortran_st_close;
    _lfortran_st_endfile;
    _lfortran_st_flush;
    _lfortran_st_inquire;
    _lfortran_st_iolength;
    _lfortran_st_iolength_done;
    _lfortran_st_open;
    _lfortran_st_read;
    _lfortran_st_read_done;
    _lfortran_st_rewind;
    _lfortran_st_set_nml_dtio_var;
    _lfortran_st_set_nml_var;
    _lfortran_st_set_nml_var_dim;
    _lfortran_st_wait;
    _lfortran_st_write;
    _lfortran_st_write_done;
    _lfortran_stat_i4;
    _lfortran_stat_i4_sub;
    _lfortran_stat_i8;
    _lfortran_stat_i8_sub;
    _lfortran_stop_numeric;
    _lfortran_stop_string;
    _lfortran_string_index;
    _lfortran_string_index_char4;
    _lfortran_string_len_trim;
    _lfortran_string_len_trim_char4;
    _lfortran_string_minmax;
    _lfortran_string_minmax_char4;
    _lfortran_string_scan;
    _lfortran_string_scan_char4;
    _lfortran_string_trim;
    _lfortran_string_trim_char4;
    _lfortran_string_verify;
    _lfortran_string_verify_char4;
    _lfortran_sum_c10;
    _lfortran_sum_c16;
    _lfortran_sum_c4;
    _lfortran_sum_c8;
    _lfortran_sum_i16;
    _lfortran_sum_i1;
    _lfortran_sum_i2;
    _lfortran_sum_i4;
    _lfortran_sum_i8;
    _lfortran_sum_r10;
    _lfortran_sum_r16;
    _lfortran_sum_r4;
    _lfortran_sum_r8;
    _lfortran_symlnk_i4;
    _lfortran_symlnk_i4_sub;
    _lfortran_symlnk_i8;
    _lfortran_symlnk_i8_sub;
    _lfortran_system;
    _lfortran_system_clock_4;
    _lfortran_system_clock_8;
    _lfortran_system_sub;
    _lfortran_time8_func;
    _lfortran_time_func;
    _lfortran_transfer_array;
    _lfortran_transfer_array_write;
    _lfortran_transfer_character;
    _lfortran_transfer_character_wide;
    _lfortran_transfer_character_wide_write;
    _lfortran_transfer_character_write;
    _lfortran_transfer_complex128;
    _lfortran_transfer_complex128_write;
    _lfortran_transfer_complex;
    _lfortran_transfer_complex_write;
    _lfortran_transfer_derived;
    _lfortran_transfer_integer;
    _lfortran_transfer_integer_write;
    _lfortran_transfer_logical;
    _lfortran_transfer_logical_write;
    _lfortran_transfer_real128;
    _lfortran_transfer_real128_write;
    _lfortran_transfer_real;
    _lfortran_transfer_real_write;
    _lfortran_ttynam;
    _lfortran_ttynam_sub;
    _lfortran_umask_i4;
    _lfortran_umask_i4_sub;
    _lfortran_umask_i8;
    _lfortran_umask_i8_sub;
    _lfortran_unlink;
    _lfortran_unlink_i4_sub;
    _lfortran_unlink_i8_sub;
    _lfortran_unpack0;
    _lfortran_unpack0_char4;
    _lfortran_unpack0_char;
    _lfortran_unpack1;
    _lfortran_unpack1_char4;
    _lfortran_unpack1_char;
	_lfortran_internal_free;
  local:
    *;
};

LFORTRAN_C99 {
  global:
    acosf;
    acoshf;
    asinf;
    asinhf;
    atan2f;
    atanf;
    atanhf;
    cabs;
    cabsf;
    cabsl;
    cacos;
    cacosf;
    cacosh;
    cacoshf;
    cacoshl;
    cacosl;
    carg;
    cargf;
    cargl;
    casin;
    casinf;
    casinh;
    casinhf;
    casinhl;
    casinl;
    catan;
    catanf;
    catanh;
    catanhf;
    catanhl;
    catanl;
    ccos;
    ccosf;
    ccosh;
    ccoshf;
    ccoshl;
    ccosl;
    ceilf;
    cexp;
    cexpf;
    cexpl;
    clog10;
    clog10f;
    clog10l;
    clog;
    clogf;
    clogl;
    copysignf;
    cosf;
    coshf;
    cpow;
    cpowf;
    cpowl;
    csin;
    csinf;
    csinh;
    csinhf;
    csinhl;
    csinl;
    csqrt;
    csqrtf;
    csqrtl;
    ctan;
    ctanf;
    ctanh;
    ctanhf;
    ctanhl;
    ctanl;
    erfcf;
    erff;
    expf;
    fabsf;
    floorf;
    floorl;
    fmodf;
    fmodl;
    frexpf;
    hypotf;
    j0f;
    j1f;
    jnf;
    lgamma;
    lgammaf;
    llround;
    llroundf;
    llroundl;
    log10f;
    log10l;
    logf;
    lround;
    lroundf;
    lroundl;
    nextafterf;
    powf;
    round;
    roundf;
    roundl;
    scalbn;
    scalbnf;
    sinf;
    sinhf;
    sqrtf;
    tanf;
    tanhf;
    tgamma;
    tgammaf;
    trunc;
    truncf;
    y0f;
    y1f;
    ynf;
};
